// Jest Snapshot v1, https://goo.gl/fbAQLP

exports[`<Posts /> should render the heading 1`] = `
.c0 {
  max-width: 112rem;
  margin: 0 auto;
  padding: 0 3.2rem;
}

.c1 {
  max-width: 72rem;
  margin: 8rem auto 0;
}

.c2 {
  display: block;
}

.c2 + a {
  margin-top: 3.2rem;
  padding-top: 3.2rem;
  border-top: 1px solid #323238;
}

.c3 {
  font-size: 1.6rem;
  display: -webkit-box;
  display: -webkit-flex;
  display: -ms-flexbox;
  display: flex;
  -webkit-align-items: center;
  -webkit-box-align: center;
  -ms-flex-align: center;
  align-items: center;
  color: #A8A8B3;
}

.c4 {
  display: block;
  font-size: 2.4rem;
  margin-top: 3.2rem;
  line-height: 3.2rem;
  -webkit-transition: color 0.2s;
  transition: color 0.2s;
}

.c4:hover {
  color: #EBA417;
}

.c5 {
  color: #A8A8B3;
  margin-top: 0.8rem;
  line-height: 2.6rem;
}

<div
  class=""
>
  <div
    data-testid="Mock Header"
  />
  <main
    class="c0"
  >
    <div
      class="c1"
    >
      <a
        class="c2"
        href="/posts/monorepo-slug"
      >
        <time
          class="c3"
        >
          12 de mar√ßo de 2021
        </time>
        <strong
          class="c4"
        >
          Creating a Monorepo with Lerna & Yarn Workspaces
        </strong>
        <p
          class="c5"
        >
          In this guide, you will learn how to create a Monorepo to manage multiple packages with a shared build, test, and release process.
        </p>
      </a>
    </div>
  </main>
</div>
`;
