// Jest Snapshot v1, https://goo.gl/fbAQLP

exports[`<Home /> should render the heading 1`] = `
<div
  data-testid="Mock Header"
/>
`;
