// Jest Snapshot v1, https://goo.gl/fbAQLP

exports[`<Header /> should render the heading 1`] = `
.c0 {
  height: 8rem;
  border-bottom: 1px solid #29292e;
}

.c1 {
  max-width: 112rem;
  height: 8rem;
  margin: 0 auto;
  padding: 0 3.2rem;
  display: -webkit-box;
  display: -webkit-flex;
  display: -ms-flexbox;
  display: flex;
  -webkit-align-items: center;
  -webkit-box-align: center;
  -ms-flex-align: center;
  align-items: center;
}

.c1 button {
  margin-left: auto;
}

.c2 {
  margin-left: 8rem;
  height: 8rem;
}

.c3 {
  display: inline-block;
  position: relative;
  padding: 0 0.8rem;
  height: 8rem;
  line-height: 8rem;
  color: #A8A8B3;
  -webkit-transition: color 0.2s;
  transition: color 0.2s;
  font-size: 1.6rem;
}

.c3 + a {
  margin-left: 3.2rem;
}

.c3:hover {
  color: #FFFFFF;
}

<header
  class="c0"
>
  <div
    class="c1"
  >
    <img
      alt="ig.news"
      class=""
      src="/images/logo.svg"
    />
    <nav
      class="c2"
    >
      <a
        class="c3"
        href="/"
      >
        Home
      </a>
      <a
        class="c3"
        href="/posts"
      >
        Posts
      </a>
    </nav>
    <div
      data-testid="Mock SignInButton"
    />
  </div>
</header>
`;
