// Jest Snapshot v1, https://goo.gl/fbAQLP

exports[`<ActiveLink /> should render the heading 1`] = `
<a
  href="/link"
>
  link
</a>
`;
